<?xml version="1.0" encoding="utf-8"?>
<TestRun id="4b1e454d-c96b-41f5-8f80-10c0ab886cd3" name="@fv-az305-787 2023-02-10 21:34:58" xmlns="http://microsoft.com/schemas/VisualStudio/TeamTest/2010">
  <Times creation="2023-02-10T21:34:58.1358217+00:00" queuing="2023-02-10T21:34:58.1358217+00:00" start="2023-02-10T21:34:57.0088098+00:00" finish="2023-02-10T21:34:58.1458375+00:00" />
  <TestSettings name="default" id="da73b0e3-9d5b-442d-af5d-ec1fd6cb898b">
    <Deployment runDeploymentRoot="_fv-az305-787_2023-02-10_21_34_58" />
  </TestSettings>
  <Results>
    <UnitTestResult executionId="6f82193d-31db-4c65-9991-d9f4013fb2c9" testId="f5410ef7-ffa8-421f-9e25-7333c24dea25" testName="DirectCallWithNullOrEmpty" computerName="fv-az305-787" duration="00:00:00.0002152" startTime="2023-02-10T21:34:57.8215552+00:00" endTime="2023-02-10T21:34:57.8220236+00:00" testType="13cdc9d9-ddb5-4fa4-a97d-d965ccfc6d4b" outcome="Passed" testListId="8c84fa94-04c1-424b-9868-57a2d4851a1d" relativeResultsDirectory="6f82193d-31db-4c65-9991-d9f4013fb2c9" />
    <UnitTestResult executionId="41dcc975-28d8-4702-9bff-cc367682dcfb" testId="2fc5e5e9-9802-49cf-aec8-417fe6f6d87a" testName="TestStartsWithUpper" computerName="fv-az305-787" duration="00:00:00.0029068" startTime="2023-02-10T21:34:57.7847688+00:00" endTime="2023-02-10T21:34:57.7998969+00:00" testType="13cdc9d9-ddb5-4fa4-a97d-d965ccfc6d4b" outcome="Passed" testListId="8c84fa94-04c1-424b-9868-57a2d4851a1d" relativeResultsDirectory="41dcc975-28d8-4702-9bff-cc367682dcfb" />
    <UnitTestResult executionId="d55acb66-a80b-4c25-b0f7-c56dfd680ea4" testId="ea3191c4-1000-489d-9a0e-9a9e372b5e6c" testName="TestDoesNotStartWithUpper" computerName="fv-az305-787" duration="00:00:00.0153351" startTime="2023-02-10T21:34:57.8054840+00:00" endTime="2023-02-10T21:34:57.8213360+00:00" testType="13cdc9d9-ddb5-4fa4-a97d-d965ccfc6d4b" outcome="Failed" testListId="8c84fa94-04c1-424b-9868-57a2d4851a1d" relativeResultsDirectory="d55acb66-a80b-4c25-b0f7-c56dfd680ea4">
      <Output>
        <ErrorInfo>
          <Message>Assert.IsFalse failed. Expected for 'Error': false; Actual: True</Message>
          <StackTrace>   at StringLibraryTest.UnitTest1.TestDoesNotStartWithUpper() in /home/runner/work/noaa-daily-temperature/noaa-daily-temperature/app/StringLibraryTest/UnitTest1.cs:line 32
   at System.RuntimeMethodHandle.InvokeMethod(Object target, Void** arguments, Signature sig, Boolean isConstructor)
   at System.Reflection.MethodInvoker.Invoke(Object obj, IntPtr* args, BindingFlags invokeAttr)
</StackTrace>
        </ErrorInfo>
      </Output>
    </UnitTestResult>
  </Results>
  <TestDefinitions>
    <UnitTest name="TestStartsWithUpper" storage="/home/runner/work/noaa-daily-temperature/noaa-daily-temperature/app/stringlibrarytest/bin/debug/net7.0/stringlibrarytest.dll" id="2fc5e5e9-9802-49cf-aec8-417fe6f6d87a">
      <Execution id="41dcc975-28d8-4702-9bff-cc367682dcfb" />
      <TestMethod codeBase="/home/runner/work/noaa-daily-temperature/noaa-daily-temperature/app/StringLibraryTest/bin/Debug/net7.0/StringLibraryTest.dll" adapterTypeName="executor://mstestadapter/v2" className="StringLibraryTest.UnitTest1" name="TestStartsWithUpper" />
    </UnitTest>
    <UnitTest name="DirectCallWithNullOrEmpty" storage="/home/runner/work/noaa-daily-temperature/noaa-daily-temperature/app/stringlibrarytest/bin/debug/net7.0/stringlibrarytest.dll" id="f5410ef7-ffa8-421f-9e25-7333c24dea25">
      <Execution id="6f82193d-31db-4c65-9991-d9f4013fb2c9" />
      <TestMethod codeBase="/home/runner/work/noaa-daily-temperature/noaa-daily-temperature/app/StringLibraryTest/bin/Debug/net7.0/StringLibraryTest.dll" adapterTypeName="executor://mstestadapter/v2" className="StringLibraryTest.UnitTest1" name="DirectCallWithNullOrEmpty" />
    </UnitTest>
    <UnitTest name="TestDoesNotStartWithUpper" storage="/home/runner/work/noaa-daily-temperature/noaa-daily-temperature/app/stringlibrarytest/bin/debug/net7.0/stringlibrarytest.dll" id="ea3191c4-1000-489d-9a0e-9a9e372b5e6c">
      <Execution id="d55acb66-a80b-4c25-b0f7-c56dfd680ea4" />
      <TestMethod codeBase="/home/runner/work/noaa-daily-temperature/noaa-daily-temperature/app/StringLibraryTest/bin/Debug/net7.0/StringLibraryTest.dll" adapterTypeName="executor://mstestadapter/v2" className="StringLibraryTest.UnitTest1" name="TestDoesNotStartWithUpper" />
    </UnitTest>
  </TestDefinitions>
  <TestEntries>
    <TestEntry testId="f5410ef7-ffa8-421f-9e25-7333c24dea25" executionId="6f82193d-31db-4c65-9991-d9f4013fb2c9" testListId="8c84fa94-04c1-424b-9868-57a2d4851a1d" />
    <TestEntry testId="2fc5e5e9-9802-49cf-aec8-417fe6f6d87a" executionId="41dcc975-28d8-4702-9bff-cc367682dcfb" testListId="8c84fa94-04c1-424b-9868-57a2d4851a1d" />
    <TestEntry testId="ea3191c4-1000-489d-9a0e-9a9e372b5e6c" executionId="d55acb66-a80b-4c25-b0f7-c56dfd680ea4" testListId="8c84fa94-04c1-424b-9868-57a2d4851a1d" />
  </TestEntries>
  <TestLists>
    <TestList name="Results Not in a List" id="8c84fa94-04c1-424b-9868-57a2d4851a1d" />
    <TestList name="All Loaded Results" id="19431567-8539-422a-85d7-44ee4e166bda" />
  </TestLists>
  <ResultSummary outcome="Failed">
    <Counters total="3" executed="3" passed="2" failed="1" error="0" timeout="0" aborted="0" inconclusive="0" passedButRunAborted="0" notRunnable="0" notExecuted="0" disconnected="0" warning="0" completed="0" inProgress="0" pending="0" />
  </ResultSummary>
</TestRun>